// Jest Snapshot v1, https://goo.gl/fbAQLP

exports[`Data List matches snapshot 1`] = `
<div>
  <table
    class="api-table"
  >
    <thead>
      <tr>
        <th>
          <button
            class="api-table-header"
          >
            Name
          </button>
        </th>
        <th>
          <button
            class="api-table-header"
          >
            Description
          </button>
        </th>
        <th>
          <button
            class="api-table-header"
          >
            Auth
          </button>
        </th>
        <th>
          <button
            class="api-table-header"
          >
            HTTPS
          </button>
        </th>
        <th>
          <button
            class="api-table-header"
          >
            Category
          </button>
        </th>
      </tr>
    </thead>
    <tbody>
      <tr>
        <td
          class="api-name"
        >
          <a
            href="https://alexwohlbruck.github.io/cat-facts/"
            rel="noopener noreferrer"
            target="_blank"
          >
            <span>
              Cat Facts
            </span>
          </a>
        </td>
        <td
          class="api-description"
        >
          <span>
            Daily cat facts
          </span>
        </td>
        <td>
          <span
            class="badge no-auth"
          >
            No Auth
          </span>
        </td>
        <td>
          <span
            class="badge https"
          >
            HTTP
            S
          </span>
        </td>
        <td>
          <span
            class="badge category"
          >
            Animals
          </span>
        </td>
      </tr>
      <tr>
        <td
          class="api-name"
        >
          <a
            href="https://cataas.com/"
            rel="noopener noreferrer"
            target="_blank"
          >
            <span>
              Cataas
            </span>
          </a>
        </td>
        <td
          class="api-description"
        >
          <span>
            Cat as a service (cats pictures and gifs)
          </span>
        </td>
        <td>
          <span
            class="badge no-auth"
          >
            No Auth
          </span>
        </td>
        <td>
          <span
            class="badge no-https"
          >
            HTTP
            
          </span>
        </td>
        <td>
          <span
            class="badge category"
          >
            Animals
          </span>
        </td>
      </tr>
      <tr>
        <td
          class="api-name"
        >
          <a
            href="https://github.com/ThatCopy/catAPI/wiki/Usage"
            rel="noopener noreferrer"
            target="_blank"
          >
            <span>
              catAPI
            </span>
          </a>
        </td>
        <td
          class="api-description"
        >
          <span>
            Random pictures of cats
          </span>
        </td>
        <td>
          <span
            class="badge auth"
          >
            apiKey
          </span>
        </td>
        <td>
          <span
            class="badge https"
          >
            HTTP
            S
          </span>
        </td>
        <td>
          <span
            class="badge category"
          >
            Animals
          </span>
        </td>
      </tr>
    </tbody>
  </table>
</div>
`;
