// Jest Snapshot v1, https://goo.gl/fbAQLP

exports[`App matches snapshot 1`] = `
<div>
  <div
    class="main-page"
  >
    <header>
      <h1
        class="page-title"
      >
        <img
          alt="plug in"
          src="plug-in.svg"
        />
        <span>
          Public APIs
        </span>
      </h1>
      <form
        class="form"
      >
        <label
          class="label"
          for="filter"
        >
          Search
        </label>
        <input
          class="input search"
          id="filter"
          placeholder="e.g.: Weather"
          type="search"
          value=""
        />
        <span>
          Press / to jump to the search box
        </span>
        <section
          class="form-filters"
        >
          <div
            class="form-select "
          >
            <label
              class="label"
              for="Results-per-Page"
            >
              Results per Page
            </label>
            <select
              class="select"
              id="Results-per-Page"
            >
              <option
                value="10"
              >
                10 / page
              </option>
              <option
                selected=""
                value="20"
              >
                20 / page
              </option>
              <option
                value="50"
              >
                50 / page
              </option>
              <option
                value="100"
              >
                100 / page
              </option>
            </select>
          </div>
          <div
            class="form-select sort-by-select"
          >
            <label
              class="label"
              for="Sort-by"
            >
              Sort by
            </label>
            <select
              class="select"
              id="Sort-by"
            >
              <option
                value=""
              >
                -
              </option>
              <option
                value="API"
              >
                Name
              </option>
              <option
                value="Description"
              >
                Description
              </option>
              <option
                value="Auth"
              >
                Auth
              </option>
              <option
                value="HTTPS"
              >
                HTTPS
              </option>
              <option
                value="Category"
              >
                Category
              </option>
            </select>
          </div>
          <div
            class="form-select "
          >
            <label
              class="label"
              for="Categories"
            >
              Categories
            </label>
            <select
              class="select"
              id="Categories"
            >
              <option
                value=""
              >
                -
              </option>
              <option
                value="Data Validation"
              >
                Data Validation
              </option>
              <option
                value="Development"
              >
                Development
              </option>
              <option
                value="Dictionaries"
              >
                Dictionaries
              </option>
              <option
                value="Documents & Productivity"
              >
                Documents & Productivity
              </option>
              <option
                value="Environment"
              >
                Environment
              </option>
              <option
                value="Events"
              >
                Events
              </option>
              <option
                value="Finance"
              >
                Finance
              </option>
              <option
                value="Food & Drink"
              >
                Food & Drink
              </option>
              <option
                value="Games & Comics"
              >
                Games & Comics
              </option>
              <option
                value="Geocoding"
              >
                Geocoding
              </option>
              <option
                value="Government"
              >
                Government
              </option>
              <option
                value="Health"
              >
                Health
              </option>
              <option
                value="Jobs"
              >
                Jobs
              </option>
              <option
                value="Machine Learning"
              >
                Machine Learning
              </option>
              <option
                value="Music"
              >
                Music
              </option>
            </select>
          </div>
        </section>
      </form>
    </header>
    <nav
      class="pagination"
    >
      <p>
        3
         results
      </p>
      <div
        class="button-container"
      >
        <button
          disabled=""
        >
          &lt;&lt;
        </button>
        <button
          disabled=""
        >
          Prev
        </button>
        <button
          disabled=""
        >
          Next
        </button>
        <button
          disabled=""
        >
          &gt;&gt;
        </button>
      </div>
      <p>
        Page 
        1
         of 
        1
      </p>
    </nav>
    <table
      class="api-table"
    >
      <thead>
        <tr>
          <th>
            <button
              class="api-table-header"
            >
              Name
            </button>
          </th>
          <th>
            <button
              class="api-table-header"
            >
              Description
            </button>
          </th>
          <th>
            <button
              class="api-table-header"
            >
              Auth
            </button>
          </th>
          <th>
            <button
              class="api-table-header"
            >
              HTTPS
            </button>
          </th>
          <th>
            <button
              class="api-table-header"
            >
              Category
            </button>
          </th>
        </tr>
      </thead>
      <tbody>
        <tr>
          <td
            class="api-name"
          >
            <a
              href="http://apiv3.iucnredlist.org/api/v3/docs"
              rel="noopener noreferrer"
              target="_blank"
            >
              <span>
                IUCN
              </span>
            </a>
          </td>
          <td
            class="api-description"
          >
            <span>
              IUCN Red List of Threatened Species
            </span>
          </td>
          <td>
            <span
              class="badge auth"
            >
              apiKey
            </span>
          </td>
          <td>
            <span
              class="badge no-https"
            >
              HTTP
              
            </span>
          </td>
          <td>
            <span
              class="badge category"
            >
              Animals
            </span>
          </td>
        </tr>
        <tr>
          <td
            class="api-name"
          >
            <a
              href="https://pagecdn.com/docs/public-api"
              rel="noopener noreferrer"
              target="_blank"
            >
              <span>
                PageCDN
              </span>
            </a>
          </td>
          <td
            class="api-description"
          >
            <span>
              Public API for javascript, css and font libraries on PageCDN
            </span>
          </td>
          <td>
            <span
              class="badge auth"
            >
              apiKey
            </span>
          </td>
          <td>
            <span
              class="badge https"
            >
              HTTP
              S
            </span>
          </td>
          <td>
            <span
              class="badge category"
            >
              Development
            </span>
          </td>
        </tr>
        <tr>
          <td
            class="api-name"
          >
            <a
              href="https://docs.7digital.com/reference"
              rel="noopener noreferrer"
              target="_blank"
            >
              <span>
                7digital
              </span>
            </a>
          </td>
          <td
            class="api-description"
          >
            <span>
              Api of Music store 7digital
            </span>
          </td>
          <td>
            <span
              class="badge auth"
            >
              OAuth
            </span>
          </td>
          <td>
            <span
              class="badge https"
            >
              HTTP
              S
            </span>
          </td>
          <td>
            <span
              class="badge category"
            >
              Music
            </span>
          </td>
        </tr>
      </tbody>
    </table>
  </div>
</div>
`;
